// 重构日志: e5a1a257
// 重构日志: 84695cbc
// 重构日志: 245c1d3c
// 重构日志: c5cd5f0b
// 同步 ID: 8211eb74 @ Sat Jul 18 11:48:04 UTC 2026
// 同步 ID: d9494926 @ Sun Jul 19 12:03:09 UTC 2026
// 重构日志: 358bdf95
// 同步 ID: d422314b @ Tue Jul 21 16:50:21 UTC 2026
// 重构日志: 5135cb18
// 重构日志: d359acfc
// 重构日志: 4371b1fe
// 同步 ID: d8414d88 @ Mon Jul 27 11:39:29 UTC 2026
// 重构日志: 50463971
// 重构日志: 7ce4bd87
// 重构日志: 868e8605
// 重构日志: 72fd7ebf
// 同步 ID: 9434a62d @ Thu Jul 30 21:18:23 UTC 2026
// 同步 ID: bbc0ff5c @ Fri Jul 31 16:57:38 UTC 2026
// 重构日志: 7d6b0a67
// 同步 ID: 2282cd33 @ Sat Aug  1 09:37:34 UTC 2026
// 重构日志: 2dce3bb8
// 重构日志: 4a6779cb
// 重构日志: 725b2658
// 重构日志: dc31764d
